// Vitest Snapshot v1

exports[`DropDownContentRenderer > rendering > renders grouped list items 1`] = `
<span class="link-selector-single-dropdown-search-section"><input data-test="link-selector-search-field" class="link-selector-search-field" type="search" tabindex="0" autocomplete="off" autocorrect="off" autocapitalize="none" spellcheck="none" role="searchbox" aria-autocomplete="list" aria-controls="link-selector-dropdown-values-list" placeholder=""></span>
<ul class="link-selector-dropdown-values-list" role="listbox" aria-expanded="false" aria-hidden="false">
  <li class="link-selector-item-group">
    <strong class="link-selector-group-label">Group 1</strong>
    <ul role="group" class="link-selector-dropdown-option-group" aria-label="Group 1">
      <li role="option" aria-selected="false" data-test="link-selector-item" data-item-id="link-selector-item-group1-0" class="link-selector-dropdown-option-value">
        Value 0
      </li>
      <li role="option" aria-selected="false" data-test="link-selector-item" data-item-id="link-selector-item-group1-1" class="link-selector-dropdown-option-value">
        Value 1
      </li>
      <li role="option" aria-selected="false" data-test="link-selector-item" data-item-id="link-selector-item-group1-2" class="link-selector-dropdown-option-value">
        Value 2
      </li>
    </ul>

  </li>

  <li class="link-selector-item-group">
    <strong class="link-selector-group-label">Group 2</strong>
    <ul role="group" class="link-selector-dropdown-option-group" aria-label="Group 2">
      <li role="option" aria-selected="false" data-test="link-selector-item" data-item-id="link-selector-item-group2-3" class="link-selector-dropdown-option-value">
        Value 3
      </li>
      <li role="option" aria-selected="false" data-test="link-selector-item" data-item-id="link-selector-item-group2-4" class="link-selector-dropdown-option-value">
        Value 4
      </li>
      <li role="option" aria-selected="false" data-test="link-selector-item" data-item-id="link-selector-item-group2-5" class="link-selector-dropdown-option-value-disabled">
        Value 5
      </li>
    </ul>

  </li>
</ul>
`;
