// Jest Snapshot v1, https://goo.gl/fbAQLP

exports[`FileVersionHistory displays the empty message when there is no version 1`] = `
<fragment-stub>
  <hr class="tlp-modal-separator document-file-version-separator">
  <h2 class="tlp-modal-subtitle" data-msgid="Latest versions" data-current-language="en_US">Latest versions</h2>
  <!---->
  <table class="tlp-table">
    <thead>
      <tr>
        <th class="document-file-version-version" data-msgid="Version" data-current-language="en_US">Version</th>
        <th class="document-file-version-name" data-msgid="Version name" data-current-language="en_US">Version name</th>
        <th class="document-file-version-filename" data-msgid="Filename" data-current-language="en_US">Filename</th>
      </tr>
    </thead>
    <tbody>
      <tr>
        <td colspan="3" class="tlp-table-cell-empty" data-msgid="No version history" data-current-language="en_US">No version history</td>
      </tr>
      <!---->
    </tbody>
  </table>
  <!---->
</fragment-stub>
`;

exports[`FileVersionHistory displays the error if an error occurred when retrieving the history version 1`] = `
<fragment-stub>
  <hr class="tlp-modal-separator document-file-version-separator">
  <h2 class="tlp-modal-subtitle" data-msgid="Latest versions" data-current-language="en_US">Latest versions</h2>
  <!---->
  <!---->
  <div class="tlp-alert-danger">
    Some error
  </div>
</fragment-stub>
`;

exports[`FileVersionHistory displays the latest version text and the file history link 1`] = `
<fragment-stub>
  <hr
    class="tlp-modal-separator document-file-version-separator"
  />
   
  <h2
    class="tlp-modal-subtitle"
    data-current-language="en_US"
    data-msgid="Latest versions"
  >
    Latest versions
  </h2>
   
  <p>
    <translate-stub
      tag="span"
    >
      Only the last 5 versions are displayed.
    </translate-stub>
     
    <a
      href="/plugins/docman/?group_id=25&id=18&action=details&section=history"
      rel="noopener noreferrer"
      target="_blank"
    >
      <translate-stub
        tag="span"
      >
        View all versions
      </translate-stub>
       
      <i
        class="fa-solid fa-right-long"
      />
    </a>
  </p>
   
  <table
    class="tlp-table"
  >
    <thead>
      <tr>
        <th
          class="document-file-version-version"
          data-current-language="en_US"
          data-msgid="Version"
        >
          Version
        </th>
         
        <th
          class="document-file-version-name"
          data-current-language="en_US"
          data-msgid="Version name"
        >
          Version name
        </th>
         
        <th
          class="document-file-version-filename"
          data-current-language="en_US"
          data-msgid="Filename"
        >
          Filename
        </th>
      </tr>
    </thead>
     
    <tbody>
      <file-version-history-content-stub
        version="[object Object]"
      />
      <file-version-history-content-stub
        version="[object Object]"
      />
      <file-version-history-content-stub
        version="[object Object]"
      />
      <file-version-history-content-stub
        version="[object Object]"
      />
      <file-version-history-content-stub
        version="[object Object]"
      />
       
      <!---->
       
      <!---->
    </tbody>
  </table>
   
  <!---->
</fragment-stub>
`;
